<?xml version="1.0" encoding="ISO-8859-1" ?>
<link_info>
   <banner>TMS320C2000 Linker PC v20.2.4.LTS</banner>
   <copyright>Copyright (c) 1996-2018 Texas Instruments Incorporated</copyright>
   <link_time>0x606098e0</link_time>
   <link_errors>0x0</link_errors>
   <output_file>Lab 7.out</output_file>
   <entry_point>
      <name>_c_int00</name>
      <address>0x8785</address>
   </entry_point>
   <input_file_list>
      <input_file id="fl-2">
         <path>.\</path>
         <kind>object</kind>
         <file>AIC23.obj</file>
         <name>AIC23.obj</name>
      </input_file>
      <input_file id="fl-3">
         <path>.\</path>
         <kind>object</kind>
         <file>CommonDrivers.obj</file>
         <name>CommonDrivers.obj</name>
      </input_file>
      <input_file id="fl-4">
         <path>.\</path>
         <kind>object</kind>
         <file>Lab4_Functions.obj</file>
         <name>Lab4_Functions.obj</name>
      </input_file>
      <input_file id="fl-5">
         <path>.\</path>
         <kind>object</kind>
         <file>Lab7_Part3.obj</file>
         <name>Lab7_Part3.obj</name>
      </input_file>
      <input_file id="fl-6">
         <path>.\</path>
         <kind>object</kind>
         <file>OneToOneI2CDriver.obj</file>
         <name>OneToOneI2CDriver.obj</name>
      </input_file>
      <input_file id="fl-7">
         <path>.\Common\</path>
         <kind>object</kind>
         <file>F2837xD_Adc.obj</file>
         <name>F2837xD_Adc.obj</name>
      </input_file>
      <input_file id="fl-8">
         <path>.\Common\</path>
         <kind>object</kind>
         <file>F2837xD_CodeStartBranch.obj</file>
         <name>F2837xD_CodeStartBranch.obj</name>
      </input_file>
      <input_file id="fl-9">
         <path>.\Common\</path>
         <kind>object</kind>
         <file>F2837xD_CpuTimers.obj</file>
         <name>F2837xD_CpuTimers.obj</name>
      </input_file>
      <input_file id="fl-a">
         <path>.\Common\</path>
         <kind>object</kind>
         <file>F2837xD_DBGIER.obj</file>
         <name>F2837xD_DBGIER.obj</name>
      </input_file>
      <input_file id="fl-b">
         <path>.\Common\</path>
         <kind>object</kind>
         <file>F2837xD_DefaultISR.obj</file>
         <name>F2837xD_DefaultISR.obj</name>
      </input_file>
      <input_file id="fl-c">
         <path>.\Common\</path>
         <kind>object</kind>
         <file>F2837xD_Dma.obj</file>
         <name>F2837xD_Dma.obj</name>
      </input_file>
      <input_file id="fl-d">
         <path>.\Common\</path>
         <kind>object</kind>
         <file>F2837xD_ECap.obj</file>
         <name>F2837xD_ECap.obj</name>
      </input_file>
      <input_file id="fl-e">
         <path>.\Common\</path>
         <kind>object</kind>
         <file>F2837xD_EPwm.obj</file>
         <name>F2837xD_EPwm.obj</name>
      </input_file>
      <input_file id="fl-f">
         <path>.\Common\</path>
         <kind>object</kind>
         <file>F2837xD_EQep.obj</file>
         <name>F2837xD_EQep.obj</name>
      </input_file>
      <input_file id="fl-10">
         <path>.\Common\</path>
         <kind>object</kind>
         <file>F2837xD_Emif.obj</file>
         <name>F2837xD_Emif.obj</name>
      </input_file>
      <input_file id="fl-11">
         <path>.\Common\</path>
         <kind>object</kind>
         <file>F2837xD_Gpio.obj</file>
         <name>F2837xD_Gpio.obj</name>
      </input_file>
      <input_file id="fl-12">
         <path>.\Common\</path>
         <kind>object</kind>
         <file>F2837xD_I2C.obj</file>
         <name>F2837xD_I2C.obj</name>
      </input_file>
      <input_file id="fl-13">
         <path>.\Common\</path>
         <kind>object</kind>
         <file>F2837xD_Ipc.obj</file>
         <name>F2837xD_Ipc.obj</name>
      </input_file>
      <input_file id="fl-14">
         <path>.\Common\</path>
         <kind>object</kind>
         <file>F2837xD_Ipc_Driver.obj</file>
         <name>F2837xD_Ipc_Driver.obj</name>
      </input_file>
      <input_file id="fl-15">
         <path>.\Common\</path>
         <kind>object</kind>
         <file>F2837xD_Ipc_Driver_Lite.obj</file>
         <name>F2837xD_Ipc_Driver_Lite.obj</name>
      </input_file>
      <input_file id="fl-16">
         <path>.\Common\</path>
         <kind>object</kind>
         <file>F2837xD_Ipc_Driver_Util.obj</file>
         <name>F2837xD_Ipc_Driver_Util.obj</name>
      </input_file>
      <input_file id="fl-17">
         <path>.\Common\</path>
         <kind>object</kind>
         <file>F2837xD_Mcbsp.obj</file>
         <name>F2837xD_Mcbsp.obj</name>
      </input_file>
      <input_file id="fl-18">
         <path>.\Common\</path>
         <kind>object</kind>
         <file>F2837xD_PieCtrl.obj</file>
         <name>F2837xD_PieCtrl.obj</name>
      </input_file>
      <input_file id="fl-19">
         <path>.\Common\</path>
         <kind>object</kind>
         <file>F2837xD_PieVect.obj</file>
         <name>F2837xD_PieVect.obj</name>
      </input_file>
      <input_file id="fl-1a">
         <path>.\Common\</path>
         <kind>object</kind>
         <file>F2837xD_Sci.obj</file>
         <name>F2837xD_Sci.obj</name>
      </input_file>
      <input_file id="fl-1b">
         <path>.\Common\</path>
         <kind>object</kind>
         <file>F2837xD_Spi.obj</file>
         <name>F2837xD_Spi.obj</name>
      </input_file>
      <input_file id="fl-1c">
         <path>.\Common\</path>
         <kind>object</kind>
         <file>F2837xD_SysCtrl.obj</file>
         <name>F2837xD_SysCtrl.obj</name>
      </input_file>
      <input_file id="fl-1d">
         <path>.\Common\</path>
         <kind>object</kind>
         <file>F2837xD_TempSensorConv.obj</file>
         <name>F2837xD_TempSensorConv.obj</name>
      </input_file>
      <input_file id="fl-1e">
         <path>.\Common\</path>
         <kind>object</kind>
         <file>F2837xD_Upp.obj</file>
         <name>F2837xD_Upp.obj</name>
      </input_file>
      <input_file id="fl-1f">
         <path>.\Common\</path>
         <kind>object</kind>
         <file>F2837xD_can.obj</file>
         <name>F2837xD_can.obj</name>
      </input_file>
      <input_file id="fl-20">
         <path>.\Common\</path>
         <kind>object</kind>
         <file>F2837xD_sci_io.obj</file>
         <name>F2837xD_sci_io.obj</name>
      </input_file>
      <input_file id="fl-21">
         <path>.\Common\</path>
         <kind>object</kind>
         <file>F2837xD_sdfm_drivers.obj</file>
         <name>F2837xD_sdfm_drivers.obj</name>
      </input_file>
      <input_file id="fl-22">
         <path>.\Common\</path>
         <kind>object</kind>
         <file>F2837xD_struct.obj</file>
         <name>F2837xD_struct.obj</name>
      </input_file>
      <input_file id="fl-23">
         <path>.\Common\</path>
         <kind>object</kind>
         <file>F2837xD_usDelay.obj</file>
         <name>F2837xD_usDelay.obj</name>
      </input_file>
      <input_file id="fl-24">
         <path>.\Common\</path>
         <kind>object</kind>
         <file>device.obj</file>
         <name>device.obj</name>
      </input_file>
      <input_file id="fl-25">
         <path>.\Header\</path>
         <kind>object</kind>
         <file>F2837xD_GlobalVariableDefs.obj</file>
         <name>F2837xD_GlobalVariableDefs.obj</name>
      </input_file>
      <input_file id="fl-2a">
         <kind>object</kind>
         <file>&lt;internal&gt;</file>
         <name>&lt;internal&gt;</name>
      </input_file>
      <input_file id="fl-36">
         <path>D:\ti\ccs1011\ccs\tools\compiler\ti-cgt-c2000_20.2.4.LTS\lib\</path>
         <kind>archive</kind>
         <file>rts2800_fpu32.lib</file>
         <name>boot28.asm.obj</name>
      </input_file>
      <input_file id="fl-37">
         <path>D:\ti\ccs1011\ccs\tools\compiler\ti-cgt-c2000_20.2.4.LTS\lib\</path>
         <kind>archive</kind>
         <file>rts2800_fpu32.lib</file>
         <name>fs_div28.asm.obj</name>
      </input_file>
      <input_file id="fl-38">
         <path>D:\ti\ccs1011\ccs\tools\compiler\ti-cgt-c2000_20.2.4.LTS\lib\</path>
         <kind>archive</kind>
         <file>rts2800_fpu32.lib</file>
         <name>ll_aox28.asm.obj</name>
      </input_file>
      <input_file id="fl-39">
         <path>D:\ti\ccs1011\ccs\tools\compiler\ti-cgt-c2000_20.2.4.LTS\lib\</path>
         <kind>archive</kind>
         <file>rts2800_fpu32.lib</file>
         <name>cpy_tbl.c.obj</name>
      </input_file>
      <input_file id="fl-3a">
         <path>D:\ti\ccs1011\ccs\tools\compiler\ti-cgt-c2000_20.2.4.LTS\lib\</path>
         <kind>archive</kind>
         <file>rts2800_fpu32.lib</file>
         <name>memcpy.c.obj</name>
      </input_file>
      <input_file id="fl-3b">
         <path>D:\ti\ccs1011\ccs\tools\compiler\ti-cgt-c2000_20.2.4.LTS\lib\</path>
         <kind>archive</kind>
         <file>rts2800_fpu32.lib</file>
         <name>pre_init.c.obj</name>
      </input_file>
      <input_file id="fl-3c">
         <path>D:\ti\ccs1011\ccs\tools\compiler\ti-cgt-c2000_20.2.4.LTS\lib\</path>
         <kind>archive</kind>
         <file>rts2800_fpu32.lib</file>
         <name>startup.c.obj</name>
      </input_file>
      <input_file id="fl-3d">
         <path>D:\ti\ccs1011\ccs\tools\compiler\ti-cgt-c2000_20.2.4.LTS\lib\</path>
         <kind>archive</kind>
         <file>rts2800_fpu32.lib</file>
         <name>exit.c.obj</name>
      </input_file>
      <input_file id="fl-3e">
         <path>D:\ti\ccs1011\ccs\tools\compiler\ti-cgt-c2000_20.2.4.LTS\lib\</path>
         <kind>archive</kind>
         <file>rts2800_fpu32.lib</file>
         <name>_lock.c.obj</name>
      </input_file>
      <input_file id="fl-3f">
         <path>D:\ti\ccs1011\ccs\tools\compiler\ti-cgt-c2000_20.2.4.LTS\lib\</path>
         <kind>archive</kind>
         <file>rts2800_fpu32.lib</file>
         <name>args_main.c.obj</name>
      </input_file>
      <input_file id="fl-40">
         <path>D:\ti\ccs1011\ccs\tools\compiler\ti-cgt-c2000_20.2.4.LTS\lib\</path>
         <kind>archive</kind>
         <file>rts2800_fpu32.lib</file>
         <name>memset.c.obj</name>
      </input_file>
   </input_file_list>
   <object_component_list>
      <object_component id="oc-b4">
         <name>codestart</name>
         <load_address>0x0</load_address>
         <run_address>0x0</run_address>
         <size>0x2</size>
         <input_file_ref idref="fl-8"/>
      </object_component>
      <object_component id="oc-210">
         <name>.text</name>
         <load_address>0x8000</load_address>
         <run_address>0x8000</run_address>
         <size>0x4ab</size>
         <input_file_ref idref="fl-1c"/>
      </object_component>
      <object_component id="oc-237">
         <name>.text</name>
         <load_address>0x84ab</load_address>
         <run_address>0x84ab</run_address>
         <size>0x244</size>
         <input_file_ref idref="fl-11"/>
      </object_component>
      <object_component id="oc-23a">
         <name>.text</name>
         <load_address>0x86ef</load_address>
         <run_address>0x86ef</run_address>
         <size>0x96</size>
         <input_file_ref idref="fl-6"/>
      </object_component>
      <object_component id="oc-91">
         <name>.text</name>
         <load_address>0x8785</load_address>
         <run_address>0x8785</run_address>
         <size>0x56</size>
         <input_file_ref idref="fl-36"/>
      </object_component>
      <object_component id="oc-1fe">
         <name>.text</name>
         <load_address>0x87db</load_address>
         <run_address>0x87db</run_address>
         <size>0x24</size>
         <input_file_ref idref="fl-39"/>
      </object_component>
      <object_component id="oc-1ff">
         <name>.text</name>
         <load_address>0x87ff</load_address>
         <run_address>0x87ff</run_address>
         <size>0x1</size>
         <input_file_ref idref="fl-3c"/>
      </object_component>
      <object_component id="oc-20d">
         <name>.text</name>
         <load_address>0x8800</load_address>
         <run_address>0x8800</run_address>
         <size>0x22e</size>
         <input_file_ref idref="fl-5"/>
      </object_component>
      <object_component id="oc-212">
         <name>.text</name>
         <load_address>0x8a2e</load_address>
         <run_address>0x8a2e</run_address>
         <size>0x1dc</size>
         <input_file_ref idref="fl-4"/>
      </object_component>
      <object_component id="oc-239">
         <name>.text</name>
         <load_address>0x8c0a</load_address>
         <run_address>0x8c0a</run_address>
         <size>0x1b8</size>
         <input_file_ref idref="fl-17"/>
      </object_component>
      <object_component id="oc-1c9">
         <name>.text</name>
         <load_address>0x8dc2</load_address>
         <run_address>0x8dc2</run_address>
         <size>0x88</size>
         <input_file_ref idref="fl-37"/>
      </object_component>
      <object_component id="oc-238">
         <name>.text</name>
         <load_address>0x8e4a</load_address>
         <run_address>0x8e4a</run_address>
         <size>0x42</size>
         <input_file_ref idref="fl-2"/>
      </object_component>
      <object_component id="oc-a4">
         <name>.text:retain</name>
         <load_address>0x8e8c</load_address>
         <run_address>0x8e8c</run_address>
         <size>0x36</size>
         <input_file_ref idref="fl-5"/>
      </object_component>
      <object_component id="oc-201">
         <name>.text</name>
         <load_address>0x8ec2</load_address>
         <run_address>0x8ec2</run_address>
         <size>0x29</size>
         <input_file_ref idref="fl-3d"/>
      </object_component>
      <object_component id="oc-213">
         <name>.text</name>
         <load_address>0x8eeb</load_address>
         <run_address>0x8eeb</run_address>
         <size>0x28</size>
         <input_file_ref idref="fl-18"/>
      </object_component>
      <object_component id="oc-214">
         <name>.text</name>
         <load_address>0x8f13</load_address>
         <run_address>0x8f13</run_address>
         <size>0x26</size>
         <input_file_ref idref="fl-19"/>
      </object_component>
      <object_component id="oc-1ce">
         <name>.text</name>
         <load_address>0x8f39</load_address>
         <run_address>0x8f39</run_address>
         <size>0x18</size>
         <input_file_ref idref="fl-38"/>
      </object_component>
      <object_component id="oc-200">
         <name>.text</name>
         <load_address>0x8f51</load_address>
         <run_address>0x8f51</run_address>
         <size>0x12</size>
         <input_file_ref idref="fl-3f"/>
      </object_component>
      <object_component id="oc-235">
         <name>.text</name>
         <load_address>0x8f63</load_address>
         <run_address>0x8f63</run_address>
         <size>0x9</size>
         <input_file_ref idref="fl-3e"/>
      </object_component>
      <object_component id="oc-b3">
         <name>.text</name>
         <load_address>0x8f6c</load_address>
         <run_address>0x8f6c</run_address>
         <size>0x8</size>
         <input_file_ref idref="fl-8"/>
      </object_component>
      <object_component id="oc-1fd">
         <name>.text</name>
         <load_address>0x8f74</load_address>
         <run_address>0x8f74</run_address>
         <size>0x2</size>
         <input_file_ref idref="fl-3b"/>
      </object_component>
      <object_component id="oc-c5">
         <name>.text:retain</name>
         <load_address>0xb000</load_address>
         <run_address>0xb000</run_address>
         <size>0x585</size>
         <input_file_ref idref="fl-b"/>
      </object_component>
      <object_component id="oc-211">
         <name>.text</name>
         <load_address>0xb585</load_address>
         <run_address>0xb585</run_address>
         <size>0x25b</size>
         <input_file_ref idref="fl-3"/>
      </object_component>
      <object_component id="oc-20c">
         <name>.text</name>
         <load_address>0xb7e0</load_address>
         <run_address>0xb7e0</run_address>
         <size>0x1d</size>
         <input_file_ref idref="fl-3a"/>
      </object_component>
      <object_component id="oc-bf">
         <name>.text</name>
         <load_address>0xb7fd</load_address>
         <run_address>0xb7fd</run_address>
         <size>0x3</size>
         <input_file_ref idref="fl-a"/>
      </object_component>
      <object_component id="oc-a2">
         <name>.cinit</name>
         <load_address>0x123</load_address>
         <run_address>0x123</run_address>
         <size>0x3c</size>
         <input_file_ref idref="fl-5"/>
      </object_component>
      <object_component id="oc-17c">
         <name>.cinit:_TRIP_SEL</name>
         <load_address>0x15f</load_address>
         <run_address>0x15f</run_address>
         <size>0x21</size>
         <input_file_ref idref="fl-22"/>
      </object_component>
      <object_component id="oc-1ac">
         <name>.cinit:_EPWM</name>
         <load_address>0x180</load_address>
         <run_address>0x180</run_address>
         <size>0x1d</size>
         <input_file_ref idref="fl-22"/>
      </object_component>
      <object_component id="oc-16c">
         <name>.cinit:_ECAP</name>
         <load_address>0x19d</load_address>
         <run_address>0x19d</run_address>
         <size>0x11</size>
         <input_file_ref idref="fl-22"/>
      </object_component>
      <object_component id="oc-21e">
         <name>.cinit:_A1n</name>
         <load_address>0x1ae</load_address>
         <run_address>0x1ae</run_address>
         <size>0xf</size>
         <input_file_ref idref="fl-5"/>
      </object_component>
      <object_component id="oc-220">
         <name>.cinit:_A2n</name>
         <load_address>0x1bd</load_address>
         <run_address>0x1bd</run_address>
         <size>0xf</size>
         <input_file_ref idref="fl-5"/>
      </object_component>
      <object_component id="oc-21c">
         <name>.cinit:_B0n</name>
         <load_address>0x1cc</load_address>
         <run_address>0x1cc</run_address>
         <size>0xf</size>
         <input_file_ref idref="fl-5"/>
      </object_component>
      <object_component id="oc-218">
         <name>.cinit:_B2n</name>
         <load_address>0x1db</load_address>
         <run_address>0x1db</run_address>
         <size>0xf</size>
         <input_file_ref idref="fl-5"/>
      </object_component>
      <object_component id="oc-146">
         <name>.cinit</name>
         <load_address>0x1ea</load_address>
         <run_address>0x1ea</run_address>
         <size>0xf</size>
         <input_file_ref idref="fl-24"/>
      </object_component>
      <object_component id="oc-1e8">
         <name>.cinit</name>
         <load_address>0x1f9</load_address>
         <run_address>0x1f9</run_address>
         <size>0xe</size>
         <input_file_ref idref="fl-3d"/>
      </object_component>
      <object_component id="oc-1a5">
         <name>.cinit:_ADC</name>
         <load_address>0x207</load_address>
         <run_address>0x207</run_address>
         <size>0xd</size>
         <input_file_ref idref="fl-22"/>
      </object_component>
      <object_component id="oc-180">
         <name>.cinit:_EQEP</name>
         <load_address>0x214</load_address>
         <run_address>0x214</run_address>
         <size>0xb</size>
         <input_file_ref idref="fl-22"/>
      </object_component>
      <object_component id="oc-163">
         <name>.cinit:_SPI</name>
         <load_address>0x21f</load_address>
         <run_address>0x21f</run_address>
         <size>0xb</size>
         <input_file_ref idref="fl-22"/>
      </object_component>
      <object_component id="oc-1a0">
         <name>.cinit:_SDFM</name>
         <load_address>0x22a</load_address>
         <run_address>0x22a</run_address>
         <size>0x9</size>
         <input_file_ref idref="fl-22"/>
      </object_component>
      <object_component id="oc-184">
         <name>.cinit:_I2C</name>
         <load_address>0x233</load_address>
         <run_address>0x233</run_address>
         <size>0x7</size>
         <input_file_ref idref="fl-22"/>
      </object_component>
      <object_component id="oc-188">
         <name>.cinit:_MCBSP</name>
         <load_address>0x23a</load_address>
         <run_address>0x23a</run_address>
         <size>0x7</size>
         <input_file_ref idref="fl-22"/>
      </object_component>
      <object_component id="oc-15e">
         <name>.cinit:_SCI</name>
         <load_address>0x241</load_address>
         <run_address>0x241</run_address>
         <size>0x7</size>
         <input_file_ref idref="fl-22"/>
      </object_component>
      <object_component id="oc-216">
         <name>.cinit:_X1</name>
         <load_address>0x248</load_address>
         <run_address>0x248</run_address>
         <size>0x5</size>
         <input_file_ref idref="fl-5"/>
      </object_component>
      <object_component id="oc-222">
         <name>.cinit:_X2</name>
         <load_address>0x24d</load_address>
         <run_address>0x24d</run_address>
         <size>0x5</size>
         <input_file_ref idref="fl-5"/>
      </object_component>
      <object_component id="oc-226">
         <name>.cinit:_X3</name>
         <load_address>0x252</load_address>
         <run_address>0x252</run_address>
         <size>0x5</size>
         <input_file_ref idref="fl-5"/>
      </object_component>
      <object_component id="oc-22a">
         <name>.cinit:_X4</name>
         <load_address>0x257</load_address>
         <run_address>0x257</run_address>
         <size>0x5</size>
         <input_file_ref idref="fl-5"/>
      </object_component>
      <object_component id="oc-22e">
         <name>.cinit:_X5</name>
         <load_address>0x25c</load_address>
         <run_address>0x25c</run_address>
         <size>0x5</size>
         <input_file_ref idref="fl-5"/>
      </object_component>
      <object_component id="oc-232">
         <name>.cinit:_X6</name>
         <load_address>0x261</load_address>
         <run_address>0x261</run_address>
         <size>0x5</size>
         <input_file_ref idref="fl-5"/>
      </object_component>
      <object_component id="oc-21a">
         <name>.cinit:_Y1</name>
         <load_address>0x266</load_address>
         <run_address>0x266</run_address>
         <size>0x5</size>
         <input_file_ref idref="fl-5"/>
      </object_component>
      <object_component id="oc-224">
         <name>.cinit:_Y2</name>
         <load_address>0x26b</load_address>
         <run_address>0x26b</run_address>
         <size>0x5</size>
         <input_file_ref idref="fl-5"/>
      </object_component>
      <object_component id="oc-228">
         <name>.cinit:_Y3</name>
         <load_address>0x270</load_address>
         <run_address>0x270</run_address>
         <size>0x5</size>
         <input_file_ref idref="fl-5"/>
      </object_component>
      <object_component id="oc-22c">
         <name>.cinit:_Y4</name>
         <load_address>0x275</load_address>
         <run_address>0x275</run_address>
         <size>0x5</size>
         <input_file_ref idref="fl-5"/>
      </object_component>
      <object_component id="oc-230">
         <name>.cinit:_Y5</name>
         <load_address>0x27a</load_address>
         <run_address>0x27a</run_address>
         <size>0x5</size>
         <input_file_ref idref="fl-5"/>
      </object_component>
      <object_component id="oc-234">
         <name>.cinit:_Y6</name>
         <load_address>0x27f</load_address>
         <run_address>0x27f</run_address>
         <size>0x5</size>
         <input_file_ref idref="fl-5"/>
      </object_component>
      <object_component id="oc-20f">
         <name>.cinit:__lock</name>
         <load_address>0x284</load_address>
         <run_address>0x284</run_address>
         <size>0x5</size>
         <input_file_ref idref="fl-3e"/>
      </object_component>
      <object_component id="oc-236">
         <name>.cinit:__unlock</name>
         <load_address>0x289</load_address>
         <run_address>0x289</run_address>
         <size>0x5</size>
         <input_file_ref idref="fl-3e"/>
      </object_component>
      <object_component id="oc-133">
         <name>.cinit</name>
         <load_address>0x28e</load_address>
         <run_address>0x28e</run_address>
         <size>0x4</size>
         <input_file_ref idref="fl-20"/>
      </object_component>
      <object_component id="oc-1c4">
         <name>.reset</name>
         <load_address>0x3fffc0</load_address>
         <run_address>0x3fffc0</run_address>
         <size>0x2</size>
         <input_file_ref idref="fl-36"/>
      </object_component>
      <object_component id="oc-1c3">
         <name>.stack</name>
         <uninitialized>true</uninitialized>
         <run_address>0x400</run_address>
         <size>0x0</size>
         <input_file_ref idref="fl-36"/>
      </object_component>
      <object_component id="oc-2d4">
         <name>.stack</name>
         <uninitialized>true</uninitialized>
         <run_address>0x400</run_address>
         <size>0x0</size>
      </object_component>
      <object_component id="oc-a3">
         <name>.ebss</name>
         <uninitialized>true</uninitialized>
         <run_address>0xaa18</run_address>
         <size>0x12</size>
         <input_file_ref idref="fl-5"/>
      </object_component>
      <object_component id="oc-215">
         <name>.ebss:_X1</name>
         <uninitialized>true</uninitialized>
         <run_address>0xaa8e</run_address>
         <size>0x6</size>
         <input_file_ref idref="fl-5"/>
      </object_component>
      <object_component id="oc-219">
         <name>.ebss:_Y1</name>
         <uninitialized>true</uninitialized>
         <run_address>0xaab2</run_address>
         <size>0x6</size>
         <input_file_ref idref="fl-5"/>
      </object_component>
      <object_component id="oc-221">
         <name>.ebss:_X2</name>
         <uninitialized>true</uninitialized>
         <run_address>0xaa94</run_address>
         <size>0x6</size>
         <input_file_ref idref="fl-5"/>
      </object_component>
      <object_component id="oc-223">
         <name>.ebss:_Y2</name>
         <uninitialized>true</uninitialized>
         <run_address>0xaab8</run_address>
         <size>0x6</size>
         <input_file_ref idref="fl-5"/>
      </object_component>
      <object_component id="oc-225">
         <name>.ebss:_X3</name>
         <uninitialized>true</uninitialized>
         <run_address>0xaa9a</run_address>
         <size>0x6</size>
         <input_file_ref idref="fl-5"/>
      </object_component>
      <object_component id="oc-227">
         <name>.ebss:_Y3</name>
         <uninitialized>true</uninitialized>
         <run_address>0xaac0</run_address>
         <size>0x6</size>
         <input_file_ref idref="fl-5"/>
      </object_component>
      <object_component id="oc-229">
         <name>.ebss:_X4</name>
         <uninitialized>true</uninitialized>
         <run_address>0xaaa0</run_address>
         <size>0x6</size>
         <input_file_ref idref="fl-5"/>
      </object_component>
      <object_component id="oc-22b">
         <name>.ebss:_Y4</name>
         <uninitialized>true</uninitialized>
         <run_address>0xaac6</run_address>
         <size>0x6</size>
         <input_file_ref idref="fl-5"/>
      </object_component>
      <object_component id="oc-22d">
         <name>.ebss:_X5</name>
         <uninitialized>true</uninitialized>
         <run_address>0xaaa6</run_address>
         <size>0x6</size>
         <input_file_ref idref="fl-5"/>
      </object_component>
      <object_component id="oc-22f">
         <name>.ebss:_Y5</name>
         <uninitialized>true</uninitialized>
         <run_address>0xaacc</run_address>
         <size>0x6</size>
         <input_file_ref idref="fl-5"/>
      </object_component>
      <object_component id="oc-231">
         <name>.ebss:_X6</name>
         <uninitialized>true</uninitialized>
         <run_address>0xaaac</run_address>
         <size>0x6</size>
         <input_file_ref idref="fl-5"/>
      </object_component>
      <object_component id="oc-233">
         <name>.ebss:_Y6</name>
         <uninitialized>true</uninitialized>
         <run_address>0xaad2</run_address>
         <size>0x6</size>
         <input_file_ref idref="fl-5"/>
      </object_component>
      <object_component id="oc-21b">
         <name>.ebss:_B0n</name>
         <uninitialized>true</uninitialized>
         <run_address>0xaa58</run_address>
         <size>0xc</size>
         <input_file_ref idref="fl-5"/>
      </object_component>
      <object_component id="oc-217">
         <name>.ebss:_B2n</name>
         <uninitialized>true</uninitialized>
         <run_address>0xaa64</run_address>
         <size>0xc</size>
         <input_file_ref idref="fl-5"/>
      </object_component>
      <object_component id="oc-21d">
         <name>.ebss:_A1n</name>
         <uninitialized>true</uninitialized>
         <run_address>0xaa40</run_address>
         <size>0xc</size>
         <input_file_ref idref="fl-5"/>
      </object_component>
      <object_component id="oc-21f">
         <name>.ebss:_A2n</name>
         <uninitialized>true</uninitialized>
         <run_address>0xaa4c</run_address>
         <size>0xc</size>
         <input_file_ref idref="fl-5"/>
      </object_component>
      <object_component id="oc-ba">
         <name>.ebss</name>
         <uninitialized>true</uninitialized>
         <run_address>0xaa00</run_address>
         <size>0x18</size>
         <input_file_ref idref="fl-9"/>
      </object_component>
      <object_component id="oc-123">
         <name>.ebss</name>
         <uninitialized>true</uninitialized>
         <run_address>0xaa7a</run_address>
         <size>0x6</size>
         <input_file_ref idref="fl-1d"/>
      </object_component>
      <object_component id="oc-134">
         <name>.ebss</name>
         <uninitialized>true</uninitialized>
         <run_address>0xaaf0</run_address>
         <size>0x1</size>
         <input_file_ref idref="fl-20"/>
      </object_component>
      <object_component id="oc-207">
         <name>.ebss:_I2C</name>
         <uninitialized>true</uninitialized>
         <run_address>0xaae4</run_address>
         <size>0x4</size>
         <input_file_ref idref="fl-22"/>
      </object_component>
      <object_component id="oc-208">
         <name>.ebss:_MCBSP</name>
         <uninitialized>true</uninitialized>
         <run_address>0xaae8</run_address>
         <size>0x4</size>
         <input_file_ref idref="fl-22"/>
      </object_component>
      <object_component id="oc-202">
         <name>.ebss:_SCI</name>
         <uninitialized>true</uninitialized>
         <run_address>0xaaec</run_address>
         <size>0x4</size>
         <input_file_ref idref="fl-22"/>
      </object_component>
      <object_component id="oc-209">
         <name>.ebss:_SDFM</name>
         <uninitialized>true</uninitialized>
         <run_address>0xaa88</run_address>
         <size>0x6</size>
         <input_file_ref idref="fl-22"/>
      </object_component>
      <object_component id="oc-206">
         <name>.ebss:_EQEP</name>
         <uninitialized>true</uninitialized>
         <run_address>0xaa38</run_address>
         <size>0x8</size>
         <input_file_ref idref="fl-22"/>
      </object_component>
      <object_component id="oc-203">
         <name>.ebss:_SPI</name>
         <uninitialized>true</uninitialized>
         <run_address>0xaa80</run_address>
         <size>0x8</size>
         <input_file_ref idref="fl-22"/>
      </object_component>
      <object_component id="oc-20a">
         <name>.ebss:_ADC</name>
         <uninitialized>true</uninitialized>
         <run_address>0xaa70</run_address>
         <size>0xa</size>
         <input_file_ref idref="fl-22"/>
      </object_component>
      <object_component id="oc-204">
         <name>.ebss:_ECAP</name>
         <uninitialized>true</uninitialized>
         <run_address>0xaa2a</run_address>
         <size>0xe</size>
         <input_file_ref idref="fl-22"/>
      </object_component>
      <object_component id="oc-20b">
         <name>.ebss:_EPWM</name>
         <uninitialized>true</uninitialized>
         <run_address>0xa9e4</run_address>
         <size>0x1a</size>
         <input_file_ref idref="fl-22"/>
      </object_component>
      <object_component id="oc-205">
         <name>.ebss:_TRIP_SEL</name>
         <uninitialized>true</uninitialized>
         <run_address>0xa9c6</run_address>
         <size>0x1e</size>
         <input_file_ref idref="fl-22"/>
      </object_component>
      <object_component id="oc-147">
         <name>.ebss</name>
         <uninitialized>true</uninitialized>
         <run_address>0xaad8</run_address>
         <size>0x6</size>
         <input_file_ref idref="fl-24"/>
      </object_component>
      <object_component id="oc-1e9">
         <name>.ebss</name>
         <uninitialized>true</uninitialized>
         <run_address>0xaade</run_address>
         <size>0x6</size>
         <input_file_ref idref="fl-3d"/>
      </object_component>
      <object_component id="oc-20e">
         <name>.ebss:__lock</name>
         <uninitialized>true</uninitialized>
         <run_address>0xa9fe</run_address>
         <size>0x2</size>
         <input_file_ref idref="fl-3e"/>
      </object_component>
      <object_component id="oc-23d">
         <name>.ebss:__unlock</name>
         <uninitialized>true</uninitialized>
         <run_address>0xaabe</run_address>
         <size>0x2</size>
         <input_file_ref idref="fl-3e"/>
      </object_component>
      <object_component id="oc-23c">
         <name>.econst:_PieVectTableInit</name>
         <load_address>0xa800</load_address>
         <run_address>0xa800</run_address>
         <size>0x1c0</size>
         <input_file_ref idref="fl-19"/>
      </object_component>
      <object_component id="oc-23b">
         <name>.econst:_$P$T0$1</name>
         <load_address>0xa9c0</load_address>
         <run_address>0xa9c0</run_address>
         <size>0x5</size>
         <input_file_ref idref="fl-4"/>
      </object_component>
      <object_component id="oc-140">
         <name>.TI.ramfunc</name>
         <load_address>0x294</load_address>
         <run_address>0x294</run_address>
         <size>0x4</size>
         <input_file_ref idref="fl-23"/>
      </object_component>
      <object_component id="oc-f7">
         <name>PUTBUFFER</name>
         <uninitialized>true</uninitialized>
         <run_address>0x3fc00</run_address>
         <size>0x80</size>
         <input_file_ref idref="fl-14"/>
      </object_component>
      <object_component id="oc-f3">
         <name>PUTWRITEIDX</name>
         <uninitialized>true</uninitialized>
         <run_address>0x3fc80</run_address>
         <size>0x4</size>
         <input_file_ref idref="fl-14"/>
      </object_component>
      <object_component id="oc-f6">
         <name>GETREADIDX</name>
         <uninitialized>true</uninitialized>
         <run_address>0x3fc84</run_address>
         <size>0x4</size>
         <input_file_ref idref="fl-14"/>
      </object_component>
      <object_component id="oc-f8">
         <name>GETBUFFER</name>
         <uninitialized>true</uninitialized>
         <run_address>0x3f800</run_address>
         <size>0x80</size>
         <input_file_ref idref="fl-14"/>
      </object_component>
      <object_component id="oc-f5">
         <name>GETWRITEIDX</name>
         <uninitialized>true</uninitialized>
         <run_address>0x3f880</run_address>
         <size>0x4</size>
         <input_file_ref idref="fl-14"/>
      </object_component>
      <object_component id="oc-f4">
         <name>PUTREADIDX</name>
         <uninitialized>true</uninitialized>
         <run_address>0x3f884</run_address>
         <size>0x4</size>
         <input_file_ref idref="fl-14"/>
      </object_component>
      <object_component id="oc-1c1">
         <name>PieVectTableFile</name>
         <uninitialized>true</uninitialized>
         <run_address>0xd00</run_address>
         <size>0x1c0</size>
         <input_file_ref idref="fl-25"/>
      </object_component>
      <object_component id="oc-18e">
         <name>AccessProtectionRegsFile</name>
         <uninitialized>true</uninitialized>
         <run_address>0x5f4c0</run_address>
         <size>0x2e</size>
         <input_file_ref idref="fl-25"/>
      </object_component>
      <object_component id="oc-1a4">
         <name>AdcaRegsFile</name>
         <uninitialized>true</uninitialized>
         <run_address>0x7400</run_address>
         <size>0x7c</size>
         <input_file_ref idref="fl-25"/>
      </object_component>
      <object_component id="oc-1a6">
         <name>AdcbRegsFile</name>
         <uninitialized>true</uninitialized>
         <run_address>0x7480</run_address>
         <size>0x7c</size>
         <input_file_ref idref="fl-25"/>
      </object_component>
      <object_component id="oc-1a7">
         <name>AdccRegsFile</name>
         <uninitialized>true</uninitialized>
         <run_address>0x7500</run_address>
         <size>0x7c</size>
         <input_file_ref idref="fl-25"/>
      </object_component>
      <object_component id="oc-1a8">
         <name>AdcdRegsFile</name>
         <uninitialized>true</uninitialized>
         <run_address>0x7580</run_address>
         <size>0x7c</size>
         <input_file_ref idref="fl-25"/>
      </object_component>
      <object_component id="oc-166">
         <name>AdcaResultRegsFile</name>
         <uninitialized>true</uninitialized>
         <run_address>0xb00</run_address>
         <size>0x18</size>
         <input_file_ref idref="fl-25"/>
      </object_component>
      <object_component id="oc-167">
         <name>AdcbResultRegsFile</name>
         <uninitialized>true</uninitialized>
         <run_address>0xb20</run_address>
         <size>0x18</size>
         <input_file_ref idref="fl-25"/>
      </object_component>
      <object_component id="oc-168">
         <name>AdccResultRegsFile</name>
         <uninitialized>true</uninitialized>
         <run_address>0xb40</run_address>
         <size>0x18</size>
         <input_file_ref idref="fl-25"/>
      </object_component>
      <object_component id="oc-169">
         <name>AdcdResultRegsFile</name>
         <uninitialized>true</uninitialized>
         <run_address>0xb60</run_address>
         <size>0x18</size>
         <input_file_ref idref="fl-25"/>
      </object_component>
      <object_component id="oc-192">
         <name>AnalogSubsysRegsFile</name>
         <uninitialized>true</uninitialized>
         <run_address>0x5d180</run_address>
         <size>0x3e</size>
         <input_file_ref idref="fl-25"/>
      </object_component>
      <object_component id="oc-1bd">
         <name>CanaRegsFile</name>
         <uninitialized>true</uninitialized>
         <run_address>0x48000</run_address>
         <size>0x164</size>
         <input_file_ref idref="fl-25"/>
      </object_component>
      <object_component id="oc-1be">
         <name>CanbRegsFile</name>
         <uninitialized>true</uninitialized>
         <run_address>0x4a000</run_address>
         <size>0x164</size>
         <input_file_ref idref="fl-25"/>
      </object_component>
      <object_component id="oc-193">
         <name>Cla1RegsFile</name>
         <uninitialized>true</uninitialized>
         <run_address>0x1400</run_address>
         <size>0x3e</size>
         <input_file_ref idref="fl-25"/>
      </object_component>
      <object_component id="oc-1b8">
         <name>Clb1DataExchRegsFile</name>
         <uninitialized>true</uninitialized>
         <run_address>0x3200</run_address>
         <size>0x108</size>
         <input_file_ref idref="fl-25"/>
      </object_component>
      <object_component id="oc-1b9">
         <name>Clb2DataExchRegsFile</name>
         <uninitialized>true</uninitialized>
         <run_address>0x3600</run_address>
         <size>0x108</size>
         <input_file_ref idref="fl-25"/>
      </object_component>
      <object_component id="oc-1ba">
         <name>Clb3DataExchRegsFile</name>
         <uninitialized>true</uninitialized>
         <run_address>0x3a00</run_address>
         <size>0x108</size>
         <input_file_ref idref="fl-25"/>
      </object_component>
      <object_component id="oc-1bb">
         <name>Clb4DataExchRegsFile</name>
         <uninitialized>true</uninitialized>
         <run_address>0x3e00</run_address>
         <size>0x108</size>
         <input_file_ref idref="fl-25"/>
      </object_component>
      <object_component id="oc-194">
         <name>Clb1LogicCfgRegsFile</name>
         <uninitialized>true</uninitialized>
         <run_address>0x3000</run_address>
         <size>0x3e</size>
         <input_file_ref idref="fl-25"/>
      </object_component>
      <object_component id="oc-195">
         <name>Clb2LogicCfgRegsFile</name>
         <uninitialized>true</uninitialized>
         <run_address>0x3400</run_address>
         <size>0x3e</size>
         <input_file_ref idref="fl-25"/>
      </object_component>
      <object_component id="oc-196">
         <name>Clb3LogicCfgRegsFile</name>
         <uninitialized>true</uninitialized>
         <run_address>0x3800</run_address>
         <size>0x3e</size>
         <input_file_ref idref="fl-25"/>
      </object_component>
      <object_component id="oc-197">
         <name>Clb4LogicCfgRegsFile</name>
         <uninitialized>true</uninitialized>
         <run_address>0x3c00</run_address>
         <size>0x3e</size>
         <input_file_ref idref="fl-25"/>
      </object_component>
      <object_component id="oc-198">
         <name>Clb1LogicCtrlRegsFile</name>
         <uninitialized>true</uninitialized>
         <run_address>0x3100</run_address>
         <size>0x40</size>
         <input_file_ref idref="fl-25"/>
      </object_component>
      <object_component id="oc-199">
         <name>Clb2LogicCtrlRegsFile</name>
         <uninitialized>true</uninitialized>
         <run_address>0x3500</run_address>
         <size>0x40</size>
         <input_file_ref idref="fl-25"/>
      </object_component>
      <object_component id="oc-19a">
         <name>Clb3LogicCtrlRegsFile</name>
         <uninitialized>true</uninitialized>
         <run_address>0x3900</run_address>
         <size>0x40</size>
         <input_file_ref idref="fl-25"/>
      </object_component>
      <object_component id="oc-19b">
         <name>Clb4LogicCtrlRegsFile</name>
         <uninitialized>true</uninitialized>
         <run_address>0x3d00</run_address>
         <size>0x40</size>
         <input_file_ref idref="fl-25"/>
      </object_component>
      <object_component id="oc-19c">
         <name>ClbXbarRegsFile</name>
         <uninitialized>true</uninitialized>
         <run_address>0x7a40</run_address>
         <size>0x40</size>
         <input_file_ref idref="fl-25"/>
      </object_component>
      <object_component id="oc-190">
         <name>ClkCfgRegsFile</name>
         <uninitialized>true</uninitialized>
         <run_address>0x5d200</run_address>
         <size>0x32</size>
         <input_file_ref idref="fl-25"/>
      </object_component>
      <object_component id="oc-173">
         <name>Cmpss1RegsFile</name>
         <uninitialized>true</uninitialized>
         <run_address>0x5c80</run_address>
         <size>0x1b</size>
         <input_file_ref idref="fl-25"/>
      </object_component>
      <object_component id="oc-174">
         <name>Cmpss2RegsFile</name>
         <uninitialized>true</uninitialized>
         <run_address>0x5ca0</run_address>
         <size>0x1b</size>
         <input_file_ref idref="fl-25"/>
      </object_component>
      <object_component id="oc-175">
         <name>Cmpss3RegsFile</name>
         <uninitialized>true</uninitialized>
         <run_address>0x5cc0</run_address>
         <size>0x1b</size>
         <input_file_ref idref="fl-25"/>
      </object_component>
      <object_component id="oc-176">
         <name>Cmpss4RegsFile</name>
         <uninitialized>true</uninitialized>
         <run_address>0x5ce0</run_address>
         <size>0x1b</size>
         <input_file_ref idref="fl-25"/>
      </object_component>
      <object_component id="oc-177">
         <name>Cmpss5RegsFile</name>
         <uninitialized>true</uninitialized>
         <run_address>0x5d00</run_address>
         <size>0x1b</size>
         <input_file_ref idref="fl-25"/>
      </object_component>
      <object_component id="oc-178">
         <name>Cmpss6RegsFile</name>
         <uninitialized>true</uninitialized>
         <run_address>0x5d20</run_address>
         <size>0x1b</size>
         <input_file_ref idref="fl-25"/>
      </object_component>
      <object_component id="oc-179">
         <name>Cmpss7RegsFile</name>
         <uninitialized>true</uninitialized>
         <run_address>0x5d40</run_address>
         <size>0x1b</size>
         <input_file_ref idref="fl-25"/>
      </object_component>
      <object_component id="oc-17a">
         <name>Cmpss8RegsFile</name>
         <uninitialized>true</uninitialized>
         <run_address>0x5d60</run_address>
         <size>0x1b</size>
         <input_file_ref idref="fl-25"/>
      </object_component>
      <object_component id="oc-156">
         <name>CpuTimer0RegsFile</name>
         <uninitialized>true</uninitialized>
         <run_address>0xc00</run_address>
         <size>0x8</size>
         <input_file_ref idref="fl-25"/>
      </object_component>
      <object_component id="oc-157">
         <name>CpuTimer1RegsFile</name>
         <uninitialized>true</uninitialized>
         <run_address>0xc08</run_address>
         <size>0x8</size>
         <input_file_ref idref="fl-25"/>
      </object_component>
      <object_component id="oc-158">
         <name>CpuTimer2RegsFile</name>
         <uninitialized>true</uninitialized>
         <run_address>0xc10</run_address>
         <size>0x8</size>
         <input_file_ref idref="fl-25"/>
      </object_component>
      <object_component id="oc-1a9">
         <name>CpuSysRegsFile</name>
         <uninitialized>true</uninitialized>
         <run_address>0x5d300</run_address>
         <size>0x82</size>
         <input_file_ref idref="fl-25"/>
      </object_component>
      <object_component id="oc-152">
         <name>DacaRegsFile</name>
         <uninitialized>true</uninitialized>
         <run_address>0x5c00</run_address>
         <size>0x7</size>
         <input_file_ref idref="fl-25"/>
      </object_component>
      <object_component id="oc-153">
         <name>DacbRegsFile</name>
         <uninitialized>true</uninitialized>
         <run_address>0x5c10</run_address>
         <size>0x7</size>
         <input_file_ref idref="fl-25"/>
      </object_component>
      <object_component id="oc-154">
         <name>DaccRegsFile</name>
         <uninitialized>true</uninitialized>
         <run_address>0x5c20</run_address>
         <size>0x7</size>
         <input_file_ref idref="fl-25"/>
      </object_component>
      <object_component id="oc-150">
         <name>DcsmCommonRegsFile</name>
         <uninitialized>true</uninitialized>
         <run_address>0x5f070</run_address>
         <size>0x6</size>
         <input_file_ref idref="fl-25"/>
      </object_component>
      <object_component id="oc-17d">
         <name>DcsmZ1RegsFile</name>
         <uninitialized>true</uninitialized>
         <run_address>0x5f000</run_address>
         <size>0x22</size>
         <input_file_ref idref="fl-25"/>
      </object_component>
      <object_component id="oc-17e">
         <name>DcsmZ2RegsFile</name>
         <uninitialized>true</uninitialized>
         <run_address>0x5f040</run_address>
         <size>0x22</size>
         <input_file_ref idref="fl-25"/>
      </object_component>
      <object_component id="oc-1bc">
         <name>DevCfgRegsFile</name>
         <uninitialized>true</uninitialized>
         <run_address>0x5d000</run_address>
         <size>0x12e</size>
         <input_file_ref idref="fl-25"/>
      </object_component>
      <object_component id="oc-16a">
         <name>DmaClaSrcSelRegsFile</name>
         <uninitialized>true</uninitialized>
         <run_address>0x7980</run_address>
         <size>0x1a</size>
         <input_file_ref idref="fl-25"/>
      </object_component>
      <object_component id="oc-1aa">
         <name>DmaRegsFile</name>
         <uninitialized>true</uninitialized>
         <run_address>0x1000</run_address>
         <size>0xe0</size>
         <input_file_ref idref="fl-25"/>
      </object_component>
      <object_component id="oc-16b">
         <name>ECap1RegsFile</name>
         <uninitialized>true</uninitialized>
         <run_address>0x5000</run_address>
         <size>0x1a</size>
         <input_file_ref idref="fl-25"/>
      </object_component>
      <object_component id="oc-16d">
         <name>ECap2RegsFile</name>
         <uninitialized>true</uninitialized>
         <run_address>0x5020</run_address>
         <size>0x1a</size>
         <input_file_ref idref="fl-25"/>
      </object_component>
      <object_component id="oc-16e">
         <name>ECap3RegsFile</name>
         <uninitialized>true</uninitialized>
         <run_address>0x5040</run_address>
         <size>0x1a</size>
         <input_file_ref idref="fl-25"/>
      </object_component>
      <object_component id="oc-16f">
         <name>ECap4RegsFile</name>
         <uninitialized>true</uninitialized>
         <run_address>0x5060</run_address>
         <size>0x1a</size>
         <input_file_ref idref="fl-25"/>
      </object_component>
      <object_component id="oc-170">
         <name>ECap5RegsFile</name>
         <uninitialized>true</uninitialized>
         <run_address>0x5080</run_address>
         <size>0x1a</size>
         <input_file_ref idref="fl-25"/>
      </object_component>
      <object_component id="oc-171">
         <name>ECap6RegsFile</name>
         <uninitialized>true</uninitialized>
         <run_address>0x50a0</run_address>
         <size>0x1a</size>
         <input_file_ref idref="fl-25"/>
      </object_component>
      <object_component id="oc-159">
         <name>Emif1ConfigRegsFile</name>
         <uninitialized>true</uninitialized>
         <run_address>0x5f480</run_address>
         <size>0xa</size>
         <input_file_ref idref="fl-25"/>
      </object_component>
      <object_component id="oc-15a">
         <name>Emif2ConfigRegsFile</name>
         <uninitialized>true</uninitialized>
         <run_address>0x5f4a0</run_address>
         <size>0xa</size>
         <input_file_ref idref="fl-25"/>
      </object_component>
      <object_component id="oc-18a">
         <name>Emif1RegsFile</name>
         <uninitialized>true</uninitialized>
         <run_address>0x47000</run_address>
         <size>0x28</size>
         <input_file_ref idref="fl-25"/>
      </object_component>
      <object_component id="oc-18b">
         <name>Emif2RegsFile</name>
         <uninitialized>true</uninitialized>
         <run_address>0x47800</run_address>
         <size>0x28</size>
         <input_file_ref idref="fl-25"/>
      </object_component>
      <object_component id="oc-1ab">
         <name>EPwm1RegsFile</name>
         <uninitialized>true</uninitialized>
         <run_address>0x4000</run_address>
         <size>0x100</size>
         <input_file_ref idref="fl-25"/>
      </object_component>
      <object_component id="oc-1ad">
         <name>EPwm2RegsFile</name>
         <uninitialized>true</uninitialized>
         <run_address>0x4100</run_address>
         <size>0x100</size>
         <input_file_ref idref="fl-25"/>
      </object_component>
      <object_component id="oc-1ae">
         <name>EPwm3RegsFile</name>
         <uninitialized>true</uninitialized>
         <run_address>0x4200</run_address>
         <size>0x100</size>
         <input_file_ref idref="fl-25"/>
      </object_component>
      <object_component id="oc-1af">
         <name>EPwm4RegsFile</name>
         <uninitialized>true</uninitialized>
         <run_address>0x4300</run_address>
         <size>0x100</size>
         <input_file_ref idref="fl-25"/>
      </object_component>
      <object_component id="oc-1b0">
         <name>EPwm5RegsFile</name>
         <uninitialized>true</uninitialized>
         <run_address>0x4400</run_address>
         <size>0x100</size>
         <input_file_ref idref="fl-25"/>
      </object_component>
      <object_component id="oc-1b1">
         <name>EPwm6RegsFile</name>
         <uninitialized>true</uninitialized>
         <run_address>0x4500</run_address>
         <size>0x100</size>
         <input_file_ref idref="fl-25"/>
      </object_component>
      <object_component id="oc-1b2">
         <name>EPwm7RegsFile</name>
         <uninitialized>true</uninitialized>
         <run_address>0x4600</run_address>
         <size>0x100</size>
         <input_file_ref idref="fl-25"/>
      </object_component>
      <object_component id="oc-1b3">
         <name>EPwm8RegsFile</name>
         <uninitialized>true</uninitialized>
         <run_address>0x4700</run_address>
         <size>0x100</size>
         <input_file_ref idref="fl-25"/>
      </object_component>
      <object_component id="oc-1b4">
         <name>EPwm9RegsFile</name>
         <uninitialized>true</uninitialized>
         <run_address>0x4800</run_address>
         <size>0x100</size>
         <input_file_ref idref="fl-25"/>
      </object_component>
      <object_component id="oc-1b5">
         <name>EPwm10RegsFile</name>
         <uninitialized>true</uninitialized>
         <run_address>0x4900</run_address>
         <size>0x100</size>
         <input_file_ref idref="fl-25"/>
      </object_component>
      <object_component id="oc-1b6">
         <name>EPwm11RegsFile</name>
         <uninitialized>true</uninitialized>
         <run_address>0x4a00</run_address>
         <size>0x100</size>
         <input_file_ref idref="fl-25"/>
      </object_component>
      <object_component id="oc-1b7">
         <name>EPwm12RegsFile</name>
         <uninitialized>true</uninitialized>
         <run_address>0x4b00</run_address>
         <size>0x100</size>
         <input_file_ref idref="fl-25"/>
      </object_component>
      <object_component id="oc-19d">
         <name>EPwmXbarRegsFile</name>
         <uninitialized>true</uninitialized>
         <run_address>0x7a00</run_address>
         <size>0x40</size>
         <input_file_ref idref="fl-25"/>
      </object_component>
      <object_component id="oc-17f">
         <name>EQep1RegsFile</name>
         <uninitialized>true</uninitialized>
         <run_address>0x5100</run_address>
         <size>0x22</size>
         <input_file_ref idref="fl-25"/>
      </object_component>
      <object_component id="oc-181">
         <name>EQep2RegsFile</name>
         <uninitialized>true</uninitialized>
         <run_address>0x5140</run_address>
         <size>0x22</size>
         <input_file_ref idref="fl-25"/>
      </object_component>
      <object_component id="oc-182">
         <name>EQep3RegsFile</name>
         <uninitialized>true</uninitialized>
         <run_address>0x5180</run_address>
         <size>0x22</size>
         <input_file_ref idref="fl-25"/>
      </object_component>
      <object_component id="oc-1c0">
         <name>Flash0CtrlRegsFile</name>
         <uninitialized>true</uninitialized>
         <run_address>0x5f800</run_address>
         <size>0x182</size>
         <input_file_ref idref="fl-25"/>
      </object_component>
      <object_component id="oc-18c">
         <name>Flash0EccRegsFile</name>
         <uninitialized>true</uninitialized>
         <run_address>0x5fb00</run_address>
         <size>0x28</size>
         <input_file_ref idref="fl-25"/>
      </object_component>
      <object_component id="oc-14d">
         <name>FlashPumpSemaphoreRegsFile</name>
         <uninitialized>true</uninitialized>
         <run_address>0x50024</run_address>
         <size>0x2</size>
         <input_file_ref idref="fl-25"/>
      </object_component>
      <object_component id="oc-1bf">
         <name>GpioCtrlRegsFile</name>
         <uninitialized>true</uninitialized>
         <run_address>0x7c00</run_address>
         <size>0x180</size>
         <input_file_ref idref="fl-25"/>
      </object_component>
      <object_component id="oc-18f">
         <name>GpioDataRegsFile</name>
         <uninitialized>true</uninitialized>
         <run_address>0x7f00</run_address>
         <size>0x30</size>
         <input_file_ref idref="fl-25"/>
      </object_component>
      <object_component id="oc-183">
         <name>I2caRegsFile</name>
         <uninitialized>true</uninitialized>
         <run_address>0x7300</run_address>
         <size>0x22</size>
         <input_file_ref idref="fl-25"/>
      </object_component>
      <object_component id="oc-185">
         <name>I2cbRegsFile</name>
         <uninitialized>true</uninitialized>
         <run_address>0x7340</run_address>
         <size>0x22</size>
         <input_file_ref idref="fl-25"/>
      </object_component>
      <object_component id="oc-17b">
         <name>InputXbarRegsFile</name>
         <uninitialized>true</uninitialized>
         <run_address>0x7900</run_address>
         <size>0x20</size>
         <input_file_ref idref="fl-25"/>
      </object_component>
      <object_component id="oc-186">
         <name>IpcRegsFile</name>
         <uninitialized>true</uninitialized>
         <run_address>0x50000</run_address>
         <size>0x24</size>
         <input_file_ref idref="fl-25"/>
      </object_component>
      <object_component id="oc-191">
         <name>MemoryErrorRegsFile</name>
         <uninitialized>true</uninitialized>
         <run_address>0x5f500</run_address>
         <size>0x3a</size>
         <input_file_ref idref="fl-25"/>
      </object_component>
      <object_component id="oc-1a3">
         <name>MemCfgRegsFile</name>
         <uninitialized>true</uninitialized>
         <run_address>0x5f400</run_address>
         <size>0x76</size>
         <input_file_ref idref="fl-25"/>
      </object_component>
      <object_component id="oc-187">
         <name>McbspaRegsFile</name>
         <uninitialized>true</uninitialized>
         <run_address>0x6000</run_address>
         <size>0x24</size>
         <input_file_ref idref="fl-25"/>
      </object_component>
      <object_component id="oc-189">
         <name>McbspbRegsFile</name>
         <uninitialized>true</uninitialized>
         <run_address>0x6040</run_address>
         <size>0x24</size>
         <input_file_ref idref="fl-25"/>
      </object_component>
      <object_component id="oc-155">
         <name>NmiIntruptRegsFile</name>
         <uninitialized>true</uninitialized>
         <run_address>0x7060</run_address>
         <size>0x7</size>
         <input_file_ref idref="fl-25"/>
      </object_component>
      <object_component id="oc-19e">
         <name>OutputXbarRegsFile</name>
         <uninitialized>true</uninitialized>
         <run_address>0x7a80</run_address>
         <size>0x40</size>
         <input_file_ref idref="fl-25"/>
      </object_component>
      <object_component id="oc-172">
         <name>PieCtrlRegsFile</name>
         <uninitialized>true</uninitialized>
         <run_address>0xce0</run_address>
         <size>0x1a</size>
         <input_file_ref idref="fl-25"/>
      </object_component>
      <object_component id="oc-14e">
         <name>RomPrefetchRegsFile</name>
         <uninitialized>true</uninitialized>
         <run_address>0x5e608</run_address>
         <size>0x2</size>
         <input_file_ref idref="fl-25"/>
      </object_component>
      <object_component id="oc-14f">
         <name>RomWaitStateRegsFile</name>
         <uninitialized>true</uninitialized>
         <run_address>0x5f540</run_address>
         <size>0x2</size>
         <input_file_ref idref="fl-25"/>
      </object_component>
      <object_component id="oc-15d">
         <name>SciaRegsFile</name>
         <uninitialized>true</uninitialized>
         <run_address>0x7200</run_address>
         <size>0x10</size>
         <input_file_ref idref="fl-25"/>
      </object_component>
      <object_component id="oc-15f">
         <name>ScibRegsFile</name>
         <uninitialized>true</uninitialized>
         <run_address>0x7210</run_address>
         <size>0x10</size>
         <input_file_ref idref="fl-25"/>
      </object_component>
      <object_component id="oc-160">
         <name>ScicRegsFile</name>
         <uninitialized>true</uninitialized>
         <run_address>0x7220</run_address>
         <size>0x10</size>
         <input_file_ref idref="fl-25"/>
      </object_component>
      <object_component id="oc-161">
         <name>ScidRegsFile</name>
         <uninitialized>true</uninitialized>
         <run_address>0x7230</run_address>
         <size>0x10</size>
         <input_file_ref idref="fl-25"/>
      </object_component>
      <object_component id="oc-19f">
         <name>Sdfm1RegsFile</name>
         <uninitialized>true</uninitialized>
         <run_address>0x5e00</run_address>
         <size>0x48</size>
         <input_file_ref idref="fl-25"/>
      </object_component>
      <object_component id="oc-1a1">
         <name>Sdfm2RegsFile</name>
         <uninitialized>true</uninitialized>
         <run_address>0x5e80</run_address>
         <size>0x48</size>
         <input_file_ref idref="fl-25"/>
      </object_component>
      <object_component id="oc-162">
         <name>SpiaRegsFile</name>
         <uninitialized>true</uninitialized>
         <run_address>0x6100</run_address>
         <size>0x10</size>
         <input_file_ref idref="fl-25"/>
      </object_component>
      <object_component id="oc-164">
         <name>SpibRegsFile</name>
         <uninitialized>true</uninitialized>
         <run_address>0x6110</run_address>
         <size>0x10</size>
         <input_file_ref idref="fl-25"/>
      </object_component>
      <object_component id="oc-165">
         <name>SpicRegsFile</name>
         <uninitialized>true</uninitialized>
         <run_address>0x6120</run_address>
         <size>0x10</size>
         <input_file_ref idref="fl-25"/>
      </object_component>
      <object_component id="oc-151">
         <name>SyncSocRegsFile</name>
         <uninitialized>true</uninitialized>
         <run_address>0x7940</run_address>
         <size>0x6</size>
         <input_file_ref idref="fl-25"/>
      </object_component>
      <object_component id="oc-1a2">
         <name>UppRegsFile</name>
         <uninitialized>true</uninitialized>
         <run_address>0x6200</run_address>
         <size>0x48</size>
         <input_file_ref idref="fl-25"/>
      </object_component>
      <object_component id="oc-18d">
         <name>WdRegsFile</name>
         <uninitialized>true</uninitialized>
         <run_address>0x7000</run_address>
         <size>0x2b</size>
         <input_file_ref idref="fl-25"/>
      </object_component>
      <object_component id="oc-15c">
         <name>XbarRegsFile</name>
         <uninitialized>true</uninitialized>
         <run_address>0x7920</run_address>
         <size>0xe</size>
         <input_file_ref idref="fl-25"/>
      </object_component>
      <object_component id="oc-15b">
         <name>XintRegsFile</name>
         <uninitialized>true</uninitialized>
         <run_address>0x7070</run_address>
         <size>0xb</size>
         <input_file_ref idref="fl-25"/>
      </object_component>
      <object_component id="oc-92">
         <name>.debug_info</name>
         <load_address>0x0</load_address>
         <run_address>0x0</run_address>
         <size>0x96c</size>
         <input_file_ref idref="fl-2"/>
      </object_component>
      <object_component id="oc-97">
         <name>.debug_info</name>
         <load_address>0x96c</load_address>
         <run_address>0x96c</run_address>
         <size>0x1a46b</size>
         <input_file_ref idref="fl-3"/>
      </object_component>
      <object_component id="oc-9c">
         <name>.debug_info</name>
         <load_address>0x1add7</load_address>
         <run_address>0x1add7</run_address>
         <size>0x17285</size>
         <input_file_ref idref="fl-4"/>
      </object_component>
      <object_component id="oc-a1">
         <name>.debug_info</name>
         <load_address>0x3205c</load_address>
         <run_address>0x3205c</run_address>
         <size>0x1b660</size>
         <input_file_ref idref="fl-5"/>
      </object_component>
      <object_component id="oc-a9">
         <name>.debug_info</name>
         <load_address>0x4d6bc</load_address>
         <run_address>0x4d6bc</run_address>
         <size>0x126dd</size>
         <input_file_ref idref="fl-6"/>
      </object_component>
      <object_component id="oc-ae">
         <name>.debug_info</name>
         <load_address>0x5fd99</load_address>
         <run_address>0x5fd99</run_address>
         <size>0x46f8</size>
         <input_file_ref idref="fl-7"/>
      </object_component>
      <object_component id="oc-b6">
         <name>.debug_info</name>
         <load_address>0x64491</load_address>
         <run_address>0x64491</run_address>
         <size>0x131</size>
         <input_file_ref idref="fl-8"/>
      </object_component>
      <object_component id="oc-b9">
         <name>.debug_info</name>
         <load_address>0x645c2</load_address>
         <run_address>0x645c2</run_address>
         <size>0x81c</size>
         <input_file_ref idref="fl-9"/>
      </object_component>
      <object_component id="oc-c1">
         <name>.debug_info</name>
         <load_address>0x64dde</load_address>
         <run_address>0x64dde</run_address>
         <size>0xf1</size>
         <input_file_ref idref="fl-a"/>
      </object_component>
      <object_component id="oc-c4">
         <name>.debug_info</name>
         <load_address>0x64ecf</load_address>
         <run_address>0x64ecf</run_address>
         <size>0x3c8b</size>
         <input_file_ref idref="fl-b"/>
      </object_component>
      <object_component id="oc-ca">
         <name>.debug_info</name>
         <load_address>0x68b5a</load_address>
         <run_address>0x68b5a</run_address>
         <size>0x4715</size>
         <input_file_ref idref="fl-c"/>
      </object_component>
      <object_component id="oc-cf">
         <name>.debug_info</name>
         <load_address>0x6d26f</load_address>
         <run_address>0x6d26f</run_address>
         <size>0x13e3d</size>
         <input_file_ref idref="fl-d"/>
      </object_component>
      <object_component id="oc-d4">
         <name>.debug_info</name>
         <load_address>0x810ac</load_address>
         <run_address>0x810ac</run_address>
         <size>0xf3cb</size>
         <input_file_ref idref="fl-e"/>
      </object_component>
      <object_component id="oc-d9">
         <name>.debug_info</name>
         <load_address>0x90477</load_address>
         <run_address>0x90477</run_address>
         <size>0xf3cb</size>
         <input_file_ref idref="fl-f"/>
      </object_component>
      <object_component id="oc-de">
         <name>.debug_info</name>
         <load_address>0x9f842</load_address>
         <run_address>0x9f842</run_address>
         <size>0x552f</size>
         <input_file_ref idref="fl-10"/>
      </object_component>
      <object_component id="oc-e3">
         <name>.debug_info</name>
         <load_address>0xa4d71</load_address>
         <run_address>0xa4d71</run_address>
         <size>0x1a020</size>
         <input_file_ref idref="fl-11"/>
      </object_component>
      <object_component id="oc-e8">
         <name>.debug_info</name>
         <load_address>0xbed91</load_address>
         <run_address>0xbed91</run_address>
         <size>0xf3ca</size>
         <input_file_ref idref="fl-12"/>
      </object_component>
      <object_component id="oc-ed">
         <name>.debug_info</name>
         <load_address>0xce15b</load_address>
         <run_address>0xce15b</run_address>
         <size>0x1627</size>
         <input_file_ref idref="fl-13"/>
      </object_component>
      <object_component id="oc-f2">
         <name>.debug_info</name>
         <load_address>0xcf782</load_address>
         <run_address>0xcf782</run_address>
         <size>0x19a8</size>
         <input_file_ref idref="fl-14"/>
      </object_component>
      <object_component id="oc-fd">
         <name>.debug_info</name>
         <load_address>0xd112a</load_address>
         <run_address>0xd112a</run_address>
         <size>0x48c6</size>
         <input_file_ref idref="fl-15"/>
      </object_component>
      <object_component id="oc-102">
         <name>.debug_info</name>
         <load_address>0xd59f0</load_address>
         <run_address>0xd59f0</run_address>
         <size>0x17d4b</size>
         <input_file_ref idref="fl-16"/>
      </object_component>
      <object_component id="oc-107">
         <name>.debug_info</name>
         <load_address>0xed73b</load_address>
         <run_address>0xed73b</run_address>
         <size>0x10c6d</size>
         <input_file_ref idref="fl-17"/>
      </object_component>
      <object_component id="oc-10c">
         <name>.debug_info</name>
         <load_address>0xfe3a8</load_address>
         <run_address>0xfe3a8</run_address>
         <size>0x3562</size>
         <input_file_ref idref="fl-18"/>
      </object_component>
      <object_component id="oc-111">
         <name>.debug_info</name>
         <load_address>0x10190a</load_address>
         <run_address>0x10190a</run_address>
         <size>0x671a</size>
         <input_file_ref idref="fl-19"/>
      </object_component>
      <object_component id="oc-116">
         <name>.debug_info</name>
         <load_address>0x108024</load_address>
         <run_address>0x108024</run_address>
         <size>0x182</size>
         <input_file_ref idref="fl-1a"/>
      </object_component>
      <object_component id="oc-118">
         <name>.debug_info</name>
         <load_address>0x1081a6</load_address>
         <run_address>0x1081a6</run_address>
         <size>0xfcb2</size>
         <input_file_ref idref="fl-1b"/>
      </object_component>
      <object_component id="oc-11d">
         <name>.debug_info</name>
         <load_address>0x117e58</load_address>
         <run_address>0x117e58</run_address>
         <size>0xccb2</size>
         <input_file_ref idref="fl-1c"/>
      </object_component>
      <object_component id="oc-122">
         <name>.debug_info</name>
         <load_address>0x124b0a</load_address>
         <run_address>0x124b0a</run_address>
         <size>0x4ed8</size>
         <input_file_ref idref="fl-1d"/>
      </object_component>
      <object_component id="oc-128">
         <name>.debug_info</name>
         <load_address>0x1299e2</load_address>
         <run_address>0x1299e2</run_address>
         <size>0x1096d</size>
         <input_file_ref idref="fl-1e"/>
      </object_component>
      <object_component id="oc-12d">
         <name>.debug_info</name>
         <load_address>0x13a34f</load_address>
         <run_address>0x13a34f</run_address>
         <size>0x29e3</size>
         <input_file_ref idref="fl-1f"/>
      </object_component>
      <object_component id="oc-132">
         <name>.debug_info</name>
         <load_address>0x13cd32</load_address>
         <run_address>0x13cd32</run_address>
         <size>0x3408</size>
         <input_file_ref idref="fl-20"/>
      </object_component>
      <object_component id="oc-139">
         <name>.debug_info</name>
         <load_address>0x14013a</load_address>
         <run_address>0x14013a</run_address>
         <size>0x1f98</size>
         <input_file_ref idref="fl-21"/>
      </object_component>
      <object_component id="oc-13e">
         <name>.debug_info</name>
         <load_address>0x1420d2</load_address>
         <run_address>0x1420d2</run_address>
         <size>0x1043c</size>
         <input_file_ref idref="fl-22"/>
      </object_component>
      <object_component id="oc-142">
         <name>.debug_info</name>
         <load_address>0x15250e</load_address>
         <run_address>0x15250e</run_address>
         <size>0xf4</size>
         <input_file_ref idref="fl-23"/>
      </object_component>
      <object_component id="oc-145">
         <name>.debug_info</name>
         <load_address>0x152602</load_address>
         <run_address>0x152602</run_address>
         <size>0x1114</size>
         <input_file_ref idref="fl-24"/>
      </object_component>
      <object_component id="oc-14c">
         <name>.debug_info</name>
         <load_address>0x153716</load_address>
         <run_address>0x153716</run_address>
         <size>0x57433</size>
         <input_file_ref idref="fl-25"/>
      </object_component>
      <object_component id="oc-1c5">
         <name>.debug_info</name>
         <load_address>0x1aab49</load_address>
         <run_address>0x1aab49</run_address>
         <size>0x173</size>
         <input_file_ref idref="fl-36"/>
      </object_component>
      <object_component id="oc-1ca">
         <name>.debug_info</name>
         <load_address>0x1aacbc</load_address>
         <run_address>0x1aacbc</run_address>
         <size>0x114</size>
         <input_file_ref idref="fl-37"/>
      </object_component>
      <object_component id="oc-1cf">
         <name>.debug_info</name>
         <load_address>0x1aadd0</load_address>
         <run_address>0x1aadd0</run_address>
         <size>0x176</size>
         <input_file_ref idref="fl-38"/>
      </object_component>
      <object_component id="oc-1d3">
         <name>.debug_info</name>
         <load_address>0x1aaf46</load_address>
         <run_address>0x1aaf46</run_address>
         <size>0x561</size>
         <input_file_ref idref="fl-39"/>
      </object_component>
      <object_component id="oc-1d8">
         <name>.debug_info</name>
         <load_address>0x1ab4a7</load_address>
         <run_address>0x1ab4a7</run_address>
         <size>0x43a</size>
         <input_file_ref idref="fl-3a"/>
      </object_component>
      <object_component id="oc-1dd">
         <name>.debug_info</name>
         <load_address>0x1ab8e1</load_address>
         <run_address>0x1ab8e1</run_address>
         <size>0x3ad</size>
         <input_file_ref idref="fl-3b"/>
      </object_component>
      <object_component id="oc-1e2">
         <name>.debug_info</name>
         <load_address>0x1abc8e</load_address>
         <run_address>0x1abc8e</run_address>
         <size>0x3aa</size>
         <input_file_ref idref="fl-3c"/>
      </object_component>
      <object_component id="oc-1e7">
         <name>.debug_info</name>
         <load_address>0x1ac038</load_address>
         <run_address>0x1ac038</run_address>
         <size>0x544</size>
         <input_file_ref idref="fl-3d"/>
      </object_component>
      <object_component id="oc-1ee">
         <name>.debug_info</name>
         <load_address>0x1ac57c</load_address>
         <run_address>0x1ac57c</run_address>
         <size>0x4cc</size>
         <input_file_ref idref="fl-3e"/>
      </object_component>
      <object_component id="oc-1f3">
         <name>.debug_info</name>
         <load_address>0x1aca48</load_address>
         <run_address>0x1aca48</run_address>
         <size>0x467</size>
         <input_file_ref idref="fl-3f"/>
      </object_component>
      <object_component id="oc-1f8">
         <name>.debug_info</name>
         <load_address>0x1aceaf</load_address>
         <run_address>0x1aceaf</run_address>
         <size>0x376</size>
         <input_file_ref idref="fl-40"/>
      </object_component>
      <object_component id="oc-2d8">
         <name>.debug_info</name>
         <load_address>0x1ad225</load_address>
         <run_address>0x1ad225</run_address>
         <size>0xa0</size>
      </object_component>
      <object_component id="oc-93">
         <name>.debug_frame</name>
         <load_address>0x0</load_address>
         <run_address>0x0</run_address>
         <size>0x1c0</size>
         <input_file_ref idref="fl-2"/>
      </object_component>
      <object_component id="oc-98">
         <name>.debug_frame</name>
         <load_address>0x1c0</load_address>
         <run_address>0x1c0</run_address>
         <size>0xd8</size>
         <input_file_ref idref="fl-3"/>
      </object_component>
      <object_component id="oc-9d">
         <name>.debug_frame</name>
         <load_address>0x298</load_address>
         <run_address>0x298</run_address>
         <size>0x104</size>
         <input_file_ref idref="fl-4"/>
      </object_component>
      <object_component id="oc-a5">
         <name>.debug_frame</name>
         <load_address>0x39c</load_address>
         <run_address>0x39c</run_address>
         <size>0x7c</size>
         <input_file_ref idref="fl-5"/>
      </object_component>
      <object_component id="oc-aa">
         <name>.debug_frame</name>
         <load_address>0x418</load_address>
         <run_address>0x418</run_address>
         <size>0x94</size>
         <input_file_ref idref="fl-6"/>
      </object_component>
      <object_component id="oc-af">
         <name>.debug_frame</name>
         <load_address>0x4ac</load_address>
         <run_address>0x4ac</run_address>
         <size>0x28</size>
         <input_file_ref idref="fl-7"/>
      </object_component>
      <object_component id="oc-bb">
         <name>.debug_frame</name>
         <load_address>0x4d4</load_address>
         <run_address>0x4d4</run_address>
         <size>0x28</size>
         <input_file_ref idref="fl-9"/>
      </object_component>
      <object_component id="oc-c6">
         <name>.debug_frame</name>
         <load_address>0x4fc</load_address>
         <run_address>0x4fc</run_address>
         <size>0x11d0</size>
         <input_file_ref idref="fl-b"/>
      </object_component>
      <object_component id="oc-cb">
         <name>.debug_frame</name>
         <load_address>0x16cc</load_address>
         <run_address>0x16cc</run_address>
         <size>0x28</size>
         <input_file_ref idref="fl-c"/>
      </object_component>
      <object_component id="oc-d0">
         <name>.debug_frame</name>
         <load_address>0x16f4</load_address>
         <run_address>0x16f4</run_address>
         <size>0x28</size>
         <input_file_ref idref="fl-d"/>
      </object_component>
      <object_component id="oc-d5">
         <name>.debug_frame</name>
         <load_address>0x171c</load_address>
         <run_address>0x171c</run_address>
         <size>0x28</size>
         <input_file_ref idref="fl-e"/>
      </object_component>
      <object_component id="oc-da">
         <name>.debug_frame</name>
         <load_address>0x1744</load_address>
         <run_address>0x1744</run_address>
         <size>0x28</size>
         <input_file_ref idref="fl-f"/>
      </object_component>
      <object_component id="oc-df">
         <name>.debug_frame</name>
         <load_address>0x176c</load_address>
         <run_address>0x176c</run_address>
         <size>0x28</size>
         <input_file_ref idref="fl-10"/>
      </object_component>
      <object_component id="oc-e4">
         <name>.debug_frame</name>
         <load_address>0x1794</load_address>
         <run_address>0x1794</run_address>
         <size>0x1a8</size>
         <input_file_ref idref="fl-11"/>
      </object_component>
      <object_component id="oc-e9">
         <name>.debug_frame</name>
         <load_address>0x193c</load_address>
         <run_address>0x193c</run_address>
         <size>0x28</size>
         <input_file_ref idref="fl-12"/>
      </object_component>
      <object_component id="oc-ee">
         <name>.debug_frame</name>
         <load_address>0x1964</load_address>
         <run_address>0x1964</run_address>
         <size>0x28</size>
         <input_file_ref idref="fl-13"/>
      </object_component>
      <object_component id="oc-f9">
         <name>.debug_frame</name>
         <load_address>0x198c</load_address>
         <run_address>0x198c</run_address>
         <size>0x28</size>
         <input_file_ref idref="fl-14"/>
      </object_component>
      <object_component id="oc-fe">
         <name>.debug_frame</name>
[...]
         <name>_GpioCtrlRegs</name>
         <value>0x7c00</value>
         <object_component_ref idref="oc-1bf"/>
      </symbol>
      <symbol id="sm-720">
         <name>_PieVectTable</name>
         <value>0xd00</value>
         <object_component_ref idref="oc-1c1"/>
      </symbol>
      <symbol id="sm-721">
         <name>_Cmpss6Regs</name>
         <value>0x5d20</value>
         <object_component_ref idref="oc-178"/>
      </symbol>
      <symbol id="sm-722">
         <name>_ClkCfgRegs</name>
         <value>0x5d200</value>
         <object_component_ref idref="oc-190"/>
      </symbol>
      <symbol id="sm-723">
         <name>_XbarRegs</name>
         <value>0x7920</value>
         <object_component_ref idref="oc-15c"/>
      </symbol>
      <symbol id="sm-724">
         <name>_Clb3DataExchRegs</name>
         <value>0x3a00</value>
         <object_component_ref idref="oc-1ba"/>
      </symbol>
      <symbol id="sm-725">
         <name>_RomWaitStateRegs</name>
         <value>0x5f540</value>
         <object_component_ref idref="oc-14f"/>
      </symbol>
      <symbol id="sm-726">
         <name>_AdcdRegs</name>
         <value>0x7580</value>
         <object_component_ref idref="oc-1a8"/>
      </symbol>
      <symbol id="sm-727">
         <name>_ScidRegs</name>
         <value>0x7230</value>
         <object_component_ref idref="oc-161"/>
      </symbol>
      <symbol id="sm-728">
         <name>_ECap4Regs</name>
         <value>0x5060</value>
         <object_component_ref idref="oc-16f"/>
      </symbol>
      <symbol id="sm-729">
         <name>_Flash0EccRegs</name>
         <value>0x5fb00</value>
         <object_component_ref idref="oc-18c"/>
      </symbol>
      <symbol id="sm-72a">
         <name>_IpcRegs</name>
         <value>0x50000</value>
         <object_component_ref idref="oc-186"/>
      </symbol>
      <symbol id="sm-72b">
         <name>_Clb2LogicCfgRegs</name>
         <value>0x3400</value>
         <object_component_ref idref="oc-195"/>
      </symbol>
      <symbol id="sm-72c">
         <name>_Clb2LogicCtrlRegs</name>
         <value>0x3500</value>
         <object_component_ref idref="oc-199"/>
      </symbol>
      <symbol id="sm-72d">
         <name>_InputXbarRegs</name>
         <value>0x7900</value>
         <object_component_ref idref="oc-17b"/>
      </symbol>
      <symbol id="sm-72e">
         <name>_EPwmXbarRegs</name>
         <value>0x7a00</value>
         <object_component_ref idref="oc-19d"/>
      </symbol>
      <symbol id="sm-72f">
         <name>_Cmpss7Regs</name>
         <value>0x5d40</value>
         <object_component_ref idref="oc-179"/>
      </symbol>
      <symbol id="sm-730">
         <name>_DcsmZ2Regs</name>
         <value>0x5f040</value>
         <object_component_ref idref="oc-17e"/>
      </symbol>
      <symbol id="sm-731">
         <name>_EPwm4Regs</name>
         <value>0x4300</value>
         <object_component_ref idref="oc-1af"/>
      </symbol>
      <symbol id="sm-732">
         <name>_FlashPumpSemaphoreRegs</name>
         <value>0x50024</value>
         <object_component_ref idref="oc-14d"/>
      </symbol>
      <symbol id="sm-733">
         <name>_ECap5Regs</name>
         <value>0x5080</value>
         <object_component_ref idref="oc-170"/>
      </symbol>
      <symbol id="sm-734">
         <name>_I2cbRegs</name>
         <value>0x7340</value>
         <object_component_ref idref="oc-185"/>
      </symbol>
      <symbol id="sm-735">
         <name>_CpuTimer1Regs</name>
         <value>0xc08</value>
         <object_component_ref idref="oc-157"/>
      </symbol>
      <symbol id="sm-736">
         <name>_RomPrefetchRegs</name>
         <value>0x5e608</value>
         <object_component_ref idref="oc-14e"/>
      </symbol>
      <symbol id="sm-737">
         <name>_Clb4LogicCtrlRegs</name>
         <value>0x3d00</value>
         <object_component_ref idref="oc-19b"/>
      </symbol>
      <symbol id="sm-738">
         <name>_Cmpss4Regs</name>
         <value>0x5ce0</value>
         <object_component_ref idref="oc-176"/>
      </symbol>
      <symbol id="sm-739">
         <name>_Clb1DataExchRegs</name>
         <value>0x3200</value>
         <object_component_ref idref="oc-1b8"/>
      </symbol>
      <symbol id="sm-73a">
         <name>_EPwm5Regs</name>
         <value>0x4400</value>
         <object_component_ref idref="oc-1b0"/>
      </symbol>
      <symbol id="sm-73b">
         <name>_UppRegs</name>
         <value>0x6200</value>
         <object_component_ref idref="oc-1a2"/>
      </symbol>
      <symbol id="sm-73c">
         <name>_SpiaRegs</name>
         <value>0x6100</value>
         <object_component_ref idref="oc-162"/>
      </symbol>
      <symbol id="sm-73d">
         <name>_CpuSysRegs</name>
         <value>0x5d300</value>
         <object_component_ref idref="oc-1a9"/>
      </symbol>
      <symbol id="sm-73e">
         <name>_CanbRegs</name>
         <value>0x4a000</value>
         <object_component_ref idref="oc-1be"/>
      </symbol>
      <symbol id="sm-73f">
         <name>_ECap6Regs</name>
         <value>0x50a0</value>
         <object_component_ref idref="oc-171"/>
      </symbol>
      <symbol id="sm-740">
         <name>_ClbXbarRegs</name>
         <value>0x7a40</value>
         <object_component_ref idref="oc-19c"/>
      </symbol>
      <symbol id="sm-741">
         <name>_DmaRegs</name>
         <value>0x1000</value>
         <object_component_ref idref="oc-1aa"/>
      </symbol>
      <symbol id="sm-742">
         <name>_XintRegs</name>
         <value>0x7070</value>
         <object_component_ref idref="oc-15b"/>
      </symbol>
      <symbol id="sm-743">
         <name>_CpuTimer0Regs</name>
         <value>0xc00</value>
         <object_component_ref idref="oc-156"/>
      </symbol>
      <symbol id="sm-744">
         <name>_Cmpss5Regs</name>
         <value>0x5d00</value>
         <object_component_ref idref="oc-177"/>
      </symbol>
      <symbol id="sm-745">
         <name>_Emif1Regs</name>
         <value>0x47000</value>
         <object_component_ref idref="oc-18a"/>
      </symbol>
      <symbol id="sm-746">
         <name>_AccessProtectionRegs</name>
         <value>0x5f4c0</value>
         <object_component_ref idref="oc-18e"/>
      </symbol>
      <symbol id="sm-747">
         <name>_MemCfgRegs</name>
         <value>0x5f400</value>
         <object_component_ref idref="oc-1a3"/>
      </symbol>
      <symbol id="sm-748">
         <name>_DacaRegs</name>
         <value>0x5c00</value>
         <object_component_ref idref="oc-152"/>
      </symbol>
      <symbol id="sm-749">
         <name>_McbspbRegs</name>
         <value>0x6040</value>
         <object_component_ref idref="oc-189"/>
      </symbol>
      <symbol id="sm-74a">
         <name>_EPwm6Regs</name>
         <value>0x4500</value>
         <object_component_ref idref="oc-1b1"/>
      </symbol>
      <symbol id="sm-74b">
         <name>_AdcaRegs</name>
         <value>0x7400</value>
         <object_component_ref idref="oc-1a4"/>
      </symbol>
      <symbol id="sm-74c">
         <name>_SciaRegs</name>
         <value>0x7200</value>
         <object_component_ref idref="oc-15d"/>
      </symbol>
      <symbol id="sm-74d">
         <name>_EPwm11Regs</name>
         <value>0x4a00</value>
         <object_component_ref idref="oc-1b6"/>
      </symbol>
      <symbol id="sm-74e">
         <name>_GpioDataRegs</name>
         <value>0x7f00</value>
         <object_component_ref idref="oc-18f"/>
      </symbol>
      <symbol id="sm-74f">
         <name>_Sdfm1Regs</name>
         <value>0x5e00</value>
         <object_component_ref idref="oc-19f"/>
      </symbol>
      <symbol id="sm-750">
         <name>_Cmpss2Regs</name>
         <value>0x5ca0</value>
         <object_component_ref idref="oc-174"/>
      </symbol>
      <symbol id="sm-751">
         <name>_Emif2Regs</name>
         <value>0x47800</value>
         <object_component_ref idref="oc-18b"/>
      </symbol>
      <symbol id="sm-752">
         <name>_DcsmZ1Regs</name>
         <value>0x5f000</value>
         <object_component_ref idref="oc-17d"/>
      </symbol>
      <symbol id="sm-753">
         <name>_Flash0CtrlRegs</name>
         <value>0x5f800</value>
         <object_component_ref idref="oc-1c0"/>
      </symbol>
      <symbol id="sm-754">
         <name>_EPwm7Regs</name>
         <value>0x4600</value>
         <object_component_ref idref="oc-1b2"/>
      </symbol>
      <symbol id="sm-755">
         <name>_SpicRegs</name>
         <value>0x6120</value>
         <object_component_ref idref="oc-165"/>
      </symbol>
      <symbol id="sm-756">
         <name>_Clb4DataExchRegs</name>
         <value>0x3e00</value>
         <object_component_ref idref="oc-1bb"/>
      </symbol>
      <symbol id="sm-757">
         <name>_EPwm10Regs</name>
         <value>0x4900</value>
         <object_component_ref idref="oc-1b5"/>
      </symbol>
      <symbol id="sm-758">
         <name>_CpuTimer2Regs</name>
         <value>0xc10</value>
         <object_component_ref idref="oc-158"/>
      </symbol>
      <symbol id="sm-759">
         <name>_Clb3LogicCfgRegs</name>
         <value>0x3800</value>
         <object_component_ref idref="oc-196"/>
      </symbol>
      <symbol id="sm-75a">
         <name>_DmaClaSrcSelRegs</name>
         <value>0x7980</value>
         <object_component_ref idref="oc-16a"/>
      </symbol>
      <symbol id="sm-75b">
         <name>_AnalogSubsysRegs</name>
         <value>0x5d180</value>
         <object_component_ref idref="oc-192"/>
      </symbol>
      <symbol id="sm-75c">
         <name>_Cmpss3Regs</name>
         <value>0x5cc0</value>
         <object_component_ref idref="oc-175"/>
      </symbol>
      <symbol id="sm-75d">
         <name>_DaccRegs</name>
         <value>0x5c20</value>
         <object_component_ref idref="oc-154"/>
      </symbol>
      <symbol id="sm-75e">
         <name>_PieCtrlRegs</name>
         <value>0xce0</value>
         <object_component_ref idref="oc-172"/>
      </symbol>
      <symbol id="sm-75f">
         <name>_DevCfgRegs</name>
         <value>0x5d000</value>
         <object_component_ref idref="oc-1bc"/>
      </symbol>
      <symbol id="sm-760">
         <name>_SpibRegs</name>
         <value>0x6110</value>
         <object_component_ref idref="oc-164"/>
      </symbol>
      <symbol id="sm-761">
         <name>_Clb1LogicCtrlRegs</name>
         <value>0x3100</value>
         <object_component_ref idref="oc-198"/>
      </symbol>
      <symbol id="sm-762">
         <name>_AdccRegs</name>
         <value>0x7500</value>
         <object_component_ref idref="oc-1a7"/>
      </symbol>
      <symbol id="sm-763">
         <name>_ScicRegs</name>
         <value>0x7220</value>
         <object_component_ref idref="oc-160"/>
      </symbol>
      <symbol id="sm-764">
         <name>_ECap1Regs</name>
         <value>0x5000</value>
         <object_component_ref idref="oc-16b"/>
      </symbol>
      <symbol id="sm-765">
         <name>_OutputXbarRegs</name>
         <value>0x7a80</value>
         <object_component_ref idref="oc-19e"/>
      </symbol>
      <symbol id="sm-766">
         <name>_MemoryErrorRegs</name>
         <value>0x5f500</value>
         <object_component_ref idref="oc-191"/>
      </symbol>
      <symbol id="sm-767">
         <name>_Cla1Regs</name>
         <value>0x1400</value>
         <object_component_ref idref="oc-193"/>
      </symbol>
      <symbol id="sm-768">
         <name>_EQep1Regs</name>
         <value>0x5100</value>
         <object_component_ref idref="oc-17f"/>
      </symbol>
      <symbol id="sm-769">
         <name>_DacbRegs</name>
         <value>0x5c10</value>
         <object_component_ref idref="oc-153"/>
      </symbol>
      <symbol id="sm-76a">
         <name>_Clb2DataExchRegs</name>
         <value>0x3600</value>
         <object_component_ref idref="oc-1b9"/>
      </symbol>
      <symbol id="sm-76b">
         <name>_Clb4LogicCfgRegs</name>
         <value>0x3c00</value>
         <object_component_ref idref="oc-197"/>
      </symbol>
      <symbol id="sm-76c">
         <name>_McbspaRegs</name>
         <value>0x6000</value>
         <object_component_ref idref="oc-187"/>
      </symbol>
      <symbol id="sm-76d">
         <name>_EPwm1Regs</name>
         <value>0x4000</value>
         <object_component_ref idref="oc-1ab"/>
      </symbol>
      <symbol id="sm-76e">
         <name>_Clb3LogicCtrlRegs</name>
         <value>0x3900</value>
         <object_component_ref idref="oc-19a"/>
      </symbol>
      <symbol id="sm-76f">
         <name>_AdcbRegs</name>
         <value>0x7480</value>
         <object_component_ref idref="oc-1a6"/>
      </symbol>
      <symbol id="sm-770">
         <name>_ScibRegs</name>
         <value>0x7210</value>
         <object_component_ref idref="oc-15f"/>
      </symbol>
      <symbol id="sm-771">
         <name>_AdcaResultRegs</name>
         <value>0xb00</value>
         <object_component_ref idref="oc-166"/>
      </symbol>
      <symbol id="sm-772">
         <name>_ECap2Regs</name>
         <value>0x5020</value>
         <object_component_ref idref="oc-16d"/>
      </symbol>
      <symbol id="sm-773">
         <name>_EPwm12Regs</name>
         <value>0x4b00</value>
         <object_component_ref idref="oc-1b7"/>
      </symbol>
      <symbol id="sm-774">
         <name>_AdcbResultRegs</name>
         <value>0xb20</value>
         <object_component_ref idref="oc-167"/>
      </symbol>
      <symbol id="sm-775">
         <name>_Clb1LogicCfgRegs</name>
         <value>0x3000</value>
         <object_component_ref idref="oc-194"/>
      </symbol>
      <symbol id="sm-776">
         <name>_AdccResultRegs</name>
         <value>0xb40</value>
         <object_component_ref idref="oc-168"/>
      </symbol>
      <symbol id="sm-777">
         <name>_Emif1ConfigRegs</name>
         <value>0x5f480</value>
         <object_component_ref idref="oc-159"/>
      </symbol>
      <symbol id="sm-778">
         <name>_Sdfm2Regs</name>
         <value>0x5e80</value>
         <object_component_ref idref="oc-1a1"/>
      </symbol>
      <symbol id="sm-779">
         <name>_AdcdResultRegs</name>
         <value>0xb60</value>
         <object_component_ref idref="oc-169"/>
      </symbol>
      <symbol id="sm-77a">
         <name>_EQep2Regs</name>
         <value>0x5140</value>
         <object_component_ref idref="oc-181"/>
      </symbol>
      <symbol id="sm-77b">
         <name>_Cmpss1Regs</name>
         <value>0x5c80</value>
         <object_component_ref idref="oc-173"/>
      </symbol>
      <symbol id="sm-77c">
         <name>_EPwm8Regs</name>
         <value>0x4700</value>
         <object_component_ref idref="oc-1b3"/>
      </symbol>
      <symbol id="sm-77d">
         <name>_Emif2ConfigRegs</name>
         <value>0x5f4a0</value>
         <object_component_ref idref="oc-15a"/>
      </symbol>
      <symbol id="sm-77e">
         <name>_DcsmCommonRegs</name>
         <value>0x5f070</value>
         <object_component_ref idref="oc-150"/>
      </symbol>
      <symbol id="sm-77f">
         <name>_EPwm2Regs</name>
         <value>0x4100</value>
         <object_component_ref idref="oc-1ad"/>
      </symbol>
      <symbol id="sm-780">
         <name>_ECap3Regs</name>
         <value>0x5040</value>
         <object_component_ref idref="oc-16e"/>
      </symbol>
      <symbol id="sm-781">
         <name>_Cmpss8Regs</name>
         <value>0x5d60</value>
         <object_component_ref idref="oc-17a"/>
      </symbol>
      <symbol id="sm-782">
         <name>_EQep3Regs</name>
         <value>0x5180</value>
         <object_component_ref idref="oc-182"/>
      </symbol>
      <symbol id="sm-783">
         <name>_SyncSocRegs</name>
         <value>0x7940</value>
         <object_component_ref idref="oc-151"/>
      </symbol>
      <symbol id="sm-784">
         <name>_EPwm9Regs</name>
         <value>0x4800</value>
         <object_component_ref idref="oc-1b4"/>
      </symbol>
      <symbol id="sm-785">
         <name>_NmiIntruptRegs</name>
         <value>0x7060</value>
         <object_component_ref idref="oc-155"/>
      </symbol>
      <symbol id="sm-786">
         <name>_EPwm3Regs</name>
         <value>0x4200</value>
         <object_component_ref idref="oc-1ae"/>
      </symbol>
      <symbol id="sm-787">
         <name>_I2caRegs</name>
         <value>0x7300</value>
         <object_component_ref idref="oc-183"/>
      </symbol>
      <symbol id="sm-7a2">
         <name>_c_int00</name>
         <value>0x8785</value>
         <object_component_ref idref="oc-91"/>
      </symbol>
      <symbol id="sm-7a3">
         <name>__stack</name>
         <value>0x400</value>
         <object_component_ref idref="oc-1c3"/>
      </symbol>
      <symbol id="sm-7b4">
         <name>FS$$DIV</name>
         <value>0x8dc2</value>
         <object_component_ref idref="oc-1c9"/>
      </symbol>
      <symbol id="sm-7c0">
         <name>LL$$AND</name>
         <value>0x8f39</value>
         <object_component_ref idref="oc-1ce"/>
      </symbol>
      <symbol id="sm-7c1">
         <name>LL$$OR</name>
         <value>0x8f41</value>
         <object_component_ref idref="oc-1ce"/>
      </symbol>
      <symbol id="sm-7c2">
         <name>LL$$XOR</name>
         <value>0x8f49</value>
         <object_component_ref idref="oc-1ce"/>
      </symbol>
      <symbol id="sm-7d1">
         <name>_copy_in</name>
         <value>0x87db</value>
         <object_component_ref idref="oc-1fe"/>
      </symbol>
      <symbol id="sm-7e3">
         <name>_memcpy</name>
         <value>0xb7e0</value>
         <object_component_ref idref="oc-20c"/>
      </symbol>
      <symbol id="sm-7f0">
         <name>__system_pre_init</name>
         <value>0x8f74</value>
         <object_component_ref idref="oc-1fd"/>
      </symbol>
      <symbol id="sm-7fe">
         <name>__system_post_cinit</name>
         <value>0x87ff</value>
         <object_component_ref idref="oc-1ff"/>
      </symbol>
      <symbol id="sm-813">
         <name>C$$EXIT</name>
         <value>0x8ec2</value>
         <object_component_ref idref="oc-201"/>
      </symbol>
      <symbol id="sm-814">
         <name>_exit</name>
         <value>0x8ec4</value>
         <object_component_ref idref="oc-201"/>
      </symbol>
      <symbol id="sm-816">
         <name>___TI_cleanup_ptr</name>
         <value>0xaae0</value>
         <object_component_ref idref="oc-1e9"/>
      </symbol>
      <symbol id="sm-817">
         <name>___TI_enable_exit_profile_output</name>
         <value>0xaade</value>
         <object_component_ref idref="oc-1e9"/>
      </symbol>
      <symbol id="sm-818">
         <name>_abort</name>
         <value>0x8ec2</value>
         <object_component_ref idref="oc-201"/>
      </symbol>
      <symbol id="sm-81a">
         <name>___TI_dtors_ptr</name>
         <value>0xaae2</value>
         <object_component_ref idref="oc-1e9"/>
      </symbol>
      <symbol id="sm-82e">
         <name>__unlock</name>
         <value>0xaabe</value>
         <object_component_ref idref="oc-23d"/>
      </symbol>
      <symbol id="sm-82f">
         <name>__lock</name>
         <value>0xa9fe</value>
         <object_component_ref idref="oc-20e"/>
      </symbol>
      <symbol id="sm-830">
         <name>__register_lock</name>
         <value>0x8f67</value>
         <object_component_ref idref="oc-235"/>
      </symbol>
      <symbol id="sm-832">
         <name>__nop</name>
         <value>0x8f6b</value>
         <object_component_ref idref="oc-235"/>
      </symbol>
      <symbol id="sm-834">
         <name>__register_unlock</name>
         <value>0x8f63</value>
         <object_component_ref idref="oc-235"/>
      </symbol>
      <symbol id="sm-844">
         <name>__args_main</name>
         <value>0x8f51</value>
         <object_component_ref idref="oc-200"/>
      </symbol>
   </symbol_table>
   <title>Link successful</title>
</link_info>
